// Jest Snapshot v1, https://goo.gl/fbAQLP

exports[`SettingsScreen renders loading screen when settings not ready: SettingsScreen-loading 1`] = `
<View
  style={
    Object {
      "flex": 1,
    }
  }
>
  <Text
    style={
      Object {
        "fontSize": 14,
        "padding": 20,
      }
    }
  >
    Loading...
  </Text>
</View>
`;

exports[`SettingsScreen renders settings form: SettingsScreen-form 1`] = `
<View
  style={
    Object {
      "flex": 1,
      "justifyContent": "flex-start",
      "padding": 20,
    }
  }
>
  <View
    style={
      Object {
        "paddingBottom": 10,
      }
    }
  >
    <Text
      style={
        Object {
          "fontWeight": "200",
        }
      }
    >
      Annoy from hour
    </Text>
    <TextInput
      allowFontScaling={true}
      defaultValue="10"
      keyboardType="number-pad"
      onChangeText={[Function]}
      rejectResponderTermination={true}
      style={
        Array [
          Object {
            "borderBottomWidth": 1,
          },
          Object {
            "borderBottomColor": "#c8e6c9",
          },
        ]
      }
      testID="number-settings-input-text-input"
      underlineColorAndroid="transparent"
    />
  </View>
  <View
    style={
      Object {
        "paddingBottom": 10,
      }
    }
  >
    <Text
      style={
        Object {
          "fontWeight": "200",
        }
      }
    >
      Annoy till hour
    </Text>
    <TextInput
      allowFontScaling={true}
      defaultValue="22"
      keyboardType="number-pad"
      onChangeText={[Function]}
      rejectResponderTermination={true}
      style={
        Array [
          Object {
            "borderBottomWidth": 1,
          },
          Object {
            "borderBottomColor": "#c8e6c9",
          },
        ]
      }
      testID="number-settings-input-text-input"
      underlineColorAndroid="transparent"
    />
  </View>
  <View
    style={
      Object {
        "paddingBottom": 10,
      }
    }
  >
    <Text
      style={
        Object {
          "fontWeight": "200",
        }
      }
    >
      Annoys frequency
    </Text>
    <TextInput
      allowFontScaling={true}
      defaultValue="15"
      keyboardType="number-pad"
      onChangeText={[Function]}
      rejectResponderTermination={true}
      style={
        Array [
          Object {
            "borderBottomWidth": 1,
          },
          Object {
            "borderBottomColor": "#c8e6c9",
          },
        ]
      }
      testID="number-settings-input-text-input"
      underlineColorAndroid="transparent"
    />
  </View>
</View>
`;
